"","MIC_003_HMP","MIC_005_HMP","MIC_006_HMP","MIC_007_HMP","MIC_009_HMP","MIC_010_HMP","MIC_011_HMP","MIC_012_HMP","MIC_013_HMP","MIC_014_HMP","MIC_015_HMP","MIC_016_HMP","MIC_017_HMP","MIC_019_HMP","MIC_020_HMP","MIC_021_HMP","MIC_022_HMP","MIC_023_HMP","MIC_024_HMP","MIC_025_HMP","MIC_026_HMP","MIC_027_HMP","MIC_028_HMP","MIC_029_HMP","MIC_030_HMP","MIC_031_HMP","MIC_032_HMP","MIC_033_HMP","MIC_034_HMP","MIC_036_HMP","MIC_037_HMP","MIC_039_HMP","MIC_040_HMP","MIC_042_HMP","MIC_043_HMP","MIC_044_HMP","MIC_045_HMP","MIC_047_HMP","MIC_049_HMP","MIC_050_HMP","MIC_052_HMP","MIC_053_HMP","MIC_054_HMP","MIC_055_HMP","MIC_056_HMP","MIC_057_HMP","MIC_058_HMP","MIC_059_HMP","MIC_062_HMP","MIC_063_HMP","MIC_064_HMP","MIC_065_HMP","MIC_066_HMP","MIC_067_HMP"
"Otu0001",605,45,4392,1506,4618,3812,1094,592,3433,4043,1107,2111,733,2892,2016,2044,1213,2850,2538,430,1457,2743,3811,3116,3273,4948,3838,4968,2192,1838,240,2275,4063,4223,4955,3094,7727,4330,671,1449,2097,1435,3088,1134,83,396,1450,265,319,1602,2689,2557,8997,1036
"Otu0005",8,2,1639,1,394,203,22,891,685,3188,89,370,41,39,346,48,15,471,1641,14,544,128,429,645,1501,3600,1,418,80,221,111,3731,2585,558,1075,8,1438,64,702,670,1563,905,4994,118,29,63,325,13,192,14,49,392,337,69
"Otu0006",0,0,861,0,26,59,5,576,106,2002,0,148,4,23,1,0,1,20,106,3,91,26,23,76,174,1055,1,2,2,61,20,685,3042,473,447,1,2,12,313,306,677,250,699,14,15,9,205,5,58,7,13,53,133,1
"Otu0009",6,0,1660,46,96,130,5,903,1330,889,124,310,9,19,16,0,28,798,176,4,109,33,313,258,1859,2196,3,17,14,164,84,2105,1438,549,6,2,5,40,481,561,3067,1051,3471,62,10,4,414,7,403,11,21,133,102,5
"Otu0025",1,1,227,121,140,77,10,77,559,133,56,59,28,88,268,68,10,588,124,8,56,57,572,283,299,151,133,50,42,19,11,178,54,189,153,112,698,180,46,37,174,122,379,134,1,8,48,10,59,11,377,26,53,90
"Otu0030",0,0,2,68,6,75,8,1,193,841,338,129,4,4,0,0,1,119,0,7,3,11,122,23,11,9,0,0,15,11,2,7,13,0,153,1,0,2,3,0,6,8,61,11,2,0,19,8,1,4,8,17,33,4
"Otu0046",1,1,131,9,4,36,4,5,52,246,41,115,11,23,0,0,2,50,3,0,12,47,48,4,0,3,0,240,13,10,0,11,16,2,1,1,1,19,22,14,50,4,6,11,0,3,20,3,0,1,11,15,16,4
"Otu0087",0,0,0,0,7,0,0,1,0,0,0,0,0,0,0,0,0,0,0,0,0,1,1,0,1,0,0,1,1,0,1,6,156,0,0,0,0,0,20,36,139,1,10,0,0,1,0,0,0,0,0,0,2,0
"Otu0109",0,0,0,0,0,0,0,0,66,0,0,0,0,0,0,3,0,53,0,0,0,0,54,0,1,0,0,0,0,0,0,0,1,0,0,0,0,0,1,0,1,0,0,0,0,0,0,0,0,0,0,0,0,0
"Otu0124",1,0,72,0,0,3,0,0,9,0,0,35,0,1,0,0,0,3,0,0,0,0,4,0,0,0,0,0,0,0,0,2,3,0,0,0,0,0,1,6,0,0,0,0,0,0,0,0,0,0,0,0,0,0
"Otu0130",0,0,33,0,6,8,0,28,24,0,0,15,0,0,0,0,0,0,0,0,0,0,1,0,81,2,0,0,1,0,0,59,6,0,0,0,0,1,90,89,162,5,24,0,0,0,1,0,1,1,1,0,0,0
"Otu0131",0,0,17,27,1,0,3,2,0,5,0,2,0,0,0,0,0,0,5,0,1,0,4,0,5,107,0,0,0,0,1,2,5,0,0,0,0,0,4,11,1,0,0,0,1,0,3,0,2,0,0,0,0,0
"Otu0356",0,0,0,0,0,0,0,0,0,0,0,0,0,0,0,0,0,0,0,0,0,0,0,0,0,0,0,0,0,0,0,0,0,0,0,0,0,0,32,0,0,0,0,0,0,0,0,0,0,0,0,0,0,0
"Otu0681",0,0,0,0,0,0,0,0,0,0,0,0,0,0,0,0,0,0,0,0,0,0,4,0,0,0,0,0,0,0,0,0,0,0,0,0,0,0,0,0,0,0,0,0,0,0,0,0,0,0,0,0,0,0
"Otu0863",0,0,0,0,0,0,0,0,0,0,0,0,0,0,0,0,0,0,0,0,0,0,0,0,0,0,0,0,0,0,0,0,0,0,3,0,0,0,0,0,0,0,0,0,0,0,0,0,0,0,0,0,0,0
"Otu0865",0,0,0,0,0,0,0,0,0,0,0,0,0,0,0,0,0,0,0,0,0,0,0,0,0,0,0,0,0,0,0,0,0,0,0,0,0,0,0,0,0,0,0,0,1,0,0,0,2,0,0,0,0,0
"Otu1226",0,0,2,0,0,0,0,0,0,0,0,1,0,0,0,0,0,0,0,0,0,1,1,0,0,0,0,0,0,0,0,0,0,0,0,0,0,0,0,0,0,0,0,0,0,0,0,0,0,0,0,0,0,0
"Otu2270",1,0,0,0,0,0,0,0,0,0,0,0,0,0,0,0,0,0,0,0,0,0,0,0,0,0,0,0,0,0,0,0,1,0,0,0,0,0,0,0,0,0,0,0,0,0,0,0,0,0,0,0,0,0
